23:16:33 **** Incremental Build of configuration Debug for project afiskon_ILI9341_BlackPill ****
make -j8 all 
arm-none-eabi-gcc "../Core/Src/main.c" -mcpu=cortex-m4 -std=gnu11 -g3 -DDEBUG -DUSE_HAL_DRIVER -DSTM32F401xE -c -I../Core/Inc -I../Drivers/STM32F4xx_HAL_Driver/Inc -I../Drivers/STM32F4xx_HAL_Driver/Inc/Legacy -I../Drivers/CMSIS/Device/ST/STM32F4xx/Include -I../Drivers/CMSIS/Include -O0 -ffunction-sections -fdata-sections -Wall -fstack-usage -fcyclomatic-complexity -MMD -MP -MF"Core/Src/main.d" -MT"Core/Src/main.o" --specs=nano.specs -mfpu=fpv4-sp-d16 -mfloat-abi=hard -mthumb -o "Core/Src/main.o"
arm-none-eabi-g++ -o "afiskon_ILI9341_BlackPill.elf" @"objects.list"   -mcpu=cortex-m4 -T"D:\TAI_LIEU\ET-E9\Program\20241\ET4245-AI_and_Applicaiton\HandWritingRecognition_on_STM32\Impliment_on_embed_kit\afiskon_ILI9341_BlackPill\STM32F401CDUX_FLASH.ld" --specs=nosys.specs -Wl,-Map="afiskon_ILI9341_BlackPill.map" -Wl,--gc-sections -static --specs=nano.specs -mfpu=fpv4-sp-d16 -mfloat-abi=hard -mthumb -Wl,--start-group -lc -lm -lstdc++ -lsupc++ -Wl,--end-group
Finished building target: afiskon_ILI9341_BlackPill.elf
 
arm-none-eabi-size  afiskon_ILI9341_BlackPill.elf 
arm-none-eabi-objdump -h -S afiskon_ILI9341_BlackPill.elf  > "afiskon_ILI9341_BlackPill.list"
   text	   data	    bss	    dec	    hex	filename
 138312	     36	   1756	 140104	  22348	afiskon_ILI9341_BlackPill.elf
Finished building: default.size.stdout
 
Finished building: afiskon_ILI9341_BlackPill.list
 

23:16:36 Build Finished. 0 errors, 0 warnings. (took 2s.535ms)

