23:47:14 **** Incremental Build of configuration Debug for project Floyd-Fish_ST7789_BlackPill ****
make -j8 all 
arm-none-eabi-gcc "../Core/Src/main.c" -mcpu=cortex-m4 -std=gnu11 -g3 -DDEBUG -DUSE_HAL_DRIVER -DSTM32F401xE -c -I../Core/Inc -I../Core/ST7789 -I../Drivers/STM32F4xx_HAL_Driver/Inc -I../Drivers/STM32F4xx_HAL_Driver/Inc/Legacy -I../Drivers/CMSIS/Device/ST/STM32F4xx/Include -I../Drivers/CMSIS/Include -O0 -ffunction-sections -fdata-sections -Wall -fstack-usage -fcyclomatic-complexity -MMD -MP -MF"Core/Src/main.d" -MT"Core/Src/main.o" --specs=nano.specs -mfpu=fpv4-sp-d16 -mfloat-abi=hard -mthumb -o "Core/Src/main.o"
../Core/Src/main.c:24:20: warning: extra tokens at end of #include directive
   24 | #include "st7789.h";
      |                    ^
arm-none-eabi-g++ -o "Floyd-Fish_ST7789_BlackPill.elf" @"objects.list"   -mcpu=cortex-m4 -T"D:\TAI_LIEU\ET-E9\Program\20241\ET4245-AI_and_Applicaiton\HandWritingRecognition_on_STM32\Impliment_on_embed_kit\Floyd-Fish_ST7789_BlackPill\STM32F401CDUX_FLASH.ld" --specs=nosys.specs -Wl,-Map="Floyd-Fish_ST7789_BlackPill.map" -Wl,--gc-sections -static --specs=nano.specs -mfpu=fpv4-sp-d16 -mfloat-abi=hard -mthumb -Wl,--start-group -lc -lm -lstdc++ -lsupc++ -Wl,--end-group
Finished building target: Floyd-Fish_ST7789_BlackPill.elf
 
arm-none-eabi-size  Floyd-Fish_ST7789_BlackPill.elf 
arm-none-eabi-objdump -h -S Floyd-Fish_ST7789_BlackPill.elf  > "Floyd-Fish_ST7789_BlackPill.list"
   text	   data	    bss	    dec	    hex	filename
  57860	     40	   4152	  62052	   f264	Floyd-Fish_ST7789_BlackPill.elf
Finished building: default.size.stdout
 
Finished building: Floyd-Fish_ST7789_BlackPill.list
 

23:47:16 Build Finished. 0 errors, 1 warnings. (took 2s.166ms)

