10:32:44 **** Incremental Build of configuration Debug for project micropeta_ILI9341_Display_BluePill ****
make -j8 all 
arm-none-eabi-gcc "../Core/Src/main.c" -mcpu=cortex-m3 -std=gnu11 -g3 -DDEBUG -DUSE_HAL_DRIVER -DSTM32F103xB -c -I../Core/Inc -I../Drivers/STM32F1xx_HAL_Driver/Inc/Legacy -I../Drivers/STM32F1xx_HAL_Driver/Inc -I../Drivers/CMSIS/Device/ST/STM32F1xx/Include -I../Drivers/CMSIS/Include -O0 -ffunction-sections -fdata-sections -Wall -fstack-usage -fcyclomatic-complexity -MMD -MP -MF"Core/Src/main.d" -MT"Core/Src/main.o" --specs=nano.specs -mfloat-abi=soft -mthumb -o "Core/Src/main.o"
../Core/Src/main.c: In function 'main':
../Core/Src/main.c:111:5: warning: implicit declaration of function 'sprintf' [-Wimplicit-function-declaration]
  111 |     sprintf(BufferText, "COUNT : %d", i);
      |     ^~~~~~~
../Core/Src/main.c:26:1: note: include '<stdio.h>' or provide a declaration of 'sprintf'
   25 | #include "ILI9341_GFX.h"
  +++ |+#include <stdio.h>
   26 | /* USER CODE END Includes */
../Core/Src/main.c:111:5: warning: incompatible implicit declaration of built-in function 'sprintf' [-Wbuiltin-declaration-mismatch]
  111 |     sprintf(BufferText, "COUNT : %d", i);
      |     ^~~~~~~
../Core/Src/main.c:111:5: note: include '<stdio.h>' or provide a declaration of 'sprintf'
arm-none-eabi-g++ -o "micropeta_ILI9341_Display_BluePill.elf" @"objects.list"   -mcpu=cortex-m3 -T"D:\TAI_LIEU\ET-E9\Program\20241\ET4245-AI_and_Applicaiton\HandWritingRecognition_on_STM32\Impliment_on_embed_kit\micropeta_ILI9341_Display_BluePill\STM32F103C8TX_FLASH.ld" --specs=nosys.specs -Wl,-Map="micropeta_ILI9341_Display_BluePill.map" -Wl,--gc-sections -static --specs=nano.specs -mfloat-abi=soft -mthumb -Wl,--start-group -lc -lm -lstdc++ -lsupc++ -Wl,--end-group
Finished building target: micropeta_ILI9341_Display_BluePill.elf
 
arm-none-eabi-size  micropeta_ILI9341_Display_BluePill.elf 
arm-none-eabi-objdump -h -S micropeta_ILI9341_Display_BluePill.elf  > "micropeta_ILI9341_Display_BluePill.list"
   text	   data	    bss	    dec	    hex	filename
  22260	     96	   2088	  24444	   5f7c	micropeta_ILI9341_Display_BluePill.elf
Finished building: default.size.stdout
 
Finished building: micropeta_ILI9341_Display_BluePill.list
 

10:32:47 Build Finished. 0 errors, 2 warnings. (took 2s.833ms)

