23:59:01 **** Incremental Build of configuration Debug for project Testing_SPI_screen ****
make -j8 all 
arm-none-eabi-gcc "../Core/Src/main.c" -mcpu=cortex-m4 -std=gnu11 -g3 -DDEBUG -DUSE_HAL_DRIVER -DSTM32F401xE -c -I../Core/Inc -I../Drivers/STM32F4xx_HAL_Driver/Inc -I../Drivers/STM32F4xx_HAL_Driver/Inc/Legacy -I../Drivers/CMSIS/Device/ST/STM32F4xx/Include -I../Drivers/CMSIS/Include -I../Core/Touch -I../Core/Images -I../Core/ILI9341 -I../Core/Icons -I../Core/Display -O0 -ffunction-sections -fdata-sections -Wall -fstack-usage -fcyclomatic-complexity -MMD -MP -MF"Core/Src/main.d" -MT"Core/Src/main.o" --specs=nano.specs -mfpu=fpv4-sp-d16 -mfloat-abi=hard -mthumb -o "Core/Src/main.o"
arm-none-eabi-g++ -o "Testing_SPI_screen.elf" @"objects.list"   -mcpu=cortex-m4 -T"D:\TAI_LIEU\ET-E9\Program\20241\ET4245-AI_and_Applicaiton\HandWritingRecognition_on_STM32\Impliment_on_embed_kit\Testing_SPI_screen\STM32F401CDUX_FLASH.ld" --specs=nosys.specs -Wl,-Map="Testing_SPI_screen.map" -Wl,--gc-sections -static --specs=nano.specs -mfpu=fpv4-sp-d16 -mfloat-abi=hard -mthumb -Wl,--start-group -lc -lm -lstdc++ -lsupc++ -Wl,--end-group
Finished building target: Testing_SPI_screen.elf
 
arm-none-eabi-size  Testing_SPI_screen.elf 
arm-none-eabi-objdump -h -S Testing_SPI_screen.elf  > "Testing_SPI_screen.list"
   text	   data	    bss	    dec	    hex	filename
 240716	     60	   1756	 242532	  3b364	Testing_SPI_screen.elf
Finished building: default.size.stdout
 
Finished building: Testing_SPI_screen.list
 

23:59:04 Build Finished. 0 errors, 0 warnings. (took 2s.387ms)

