10:48:32 **** Incremental Build of configuration Debug for project TFT_2-8_inch_touch_BlackPill ****
make -j8 all 
arm-none-eabi-gcc "../Core/Src/ILI9341_Driver.c" -mcpu=cortex-m4 -std=gnu11 -g3 -DDEBUG -DUSE_HAL_DRIVER -DSTM32F401xE -c -I../Core/Inc -I../Drivers/STM32F4xx_HAL_Driver/Inc -I../Drivers/STM32F4xx_HAL_Driver/Inc/Legacy -I../Drivers/CMSIS/Device/ST/STM32F4xx/Include -I../Drivers/CMSIS/Include -O0 -ffunction-sections -fdata-sections -Wall -fstack-usage -fcyclomatic-complexity -MMD -MP -MF"Core/Src/ILI9341_Driver.d" -MT"Core/Src/ILI9341_Driver.o" --specs=nano.specs -mfpu=fpv4-sp-d16 -mfloat-abi=hard -mthumb -o "Core/Src/ILI9341_Driver.o"
../Core/Src/ILI9341_Driver.c: In function 'ILI9341_Draw_String':
../Core/Src/ILI9341_Driver.c:420:25: warning: value computed is not used [-Wunused-value]
  420 |                         *str++;
      |                         ^~~~~~
../Core/Src/ILI9341_Driver.c:434:25: warning: value computed is not used [-Wunused-value]
  434 |                         *str++;
      |                         ^~~~~~
arm-none-eabi-g++ -o "TFT_2-8_inch_touch_BlackPill.elf" @"objects.list"   -mcpu=cortex-m4 -T"D:\TAI_LIEU\ET-E9\Program\20241\ET4245-AI_and_Applicaiton\HandWritingRecognition_on_STM32\Impliment_on_embed_kit\Testing_SPI_screen\STM32F401CDUX_FLASH.ld" --specs=nosys.specs -Wl,-Map="TFT_2-8_inch_touch_BlackPill.map" -Wl,--gc-sections -static --specs=nano.specs -mfpu=fpv4-sp-d16 -mfloat-abi=hard -mthumb -Wl,--start-group -lc -lm -lstdc++ -lsupc++ -Wl,--end-group
Finished building target: TFT_2-8_inch_touch_BlackPill.elf
 
arm-none-eabi-size  TFT_2-8_inch_touch_BlackPill.elf 
arm-none-eabi-objdump -h -S TFT_2-8_inch_touch_BlackPill.elf  > "TFT_2-8_inch_touch_BlackPill.list"
   text	   data	    bss	    dec	    hex	filename
   8948	     20	   1748	  10716	   29dc	TFT_2-8_inch_touch_BlackPill.elf
Finished building: default.size.stdout
 
Finished building: TFT_2-8_inch_touch_BlackPill.list
 

10:48:35 Build Finished. 0 errors, 2 warnings. (took 2s.578ms)

