09:42:45 **** Incremental Build of configuration Debug for project TFT_2-8_inch_touch_dtnghia2206 ****
make -j8 all 
arm-none-eabi-gcc "../Core/Src/main.c" -mcpu=cortex-m4 -std=gnu11 -g3 -DDEBUG -DUSE_HAL_DRIVER -DSTM32F401xE -c -I../Core/Inc -I../Drivers/STM32F4xx_HAL_Driver/Inc -I../Drivers/STM32F4xx_HAL_Driver/Inc/Legacy -I../Drivers/CMSIS/Device/ST/STM32F4xx/Include -I../Drivers/CMSIS/Include -O0 -ffunction-sections -fdata-sections -Wall -fstack-usage -fcyclomatic-complexity -MMD -MP -MF"Core/Src/main.d" -MT"Core/Src/main.o" --specs=nano.specs -mfpu=fpv4-sp-d16 -mfloat-abi=hard -mthumb -o "Core/Src/main.o"
arm-none-eabi-g++ -o "TFT_2-8_inch_touch_dtnghia2206.elf" @"objects.list"   -mcpu=cortex-m4 -T"D:\TAI_LIEU\ET-E9\Program\20241\ET4245-AI_and_Applicaiton\HandWritingRecognition_on_STM32\Impliment_on_embed_kit\Testing_SPI_screen\STM32F401CDUX_FLASH.ld" --specs=nosys.specs -Wl,-Map="TFT_2-8_inch_touch_dtnghia2206.map" -Wl,--gc-sections -static --specs=nano.specs -mfpu=fpv4-sp-d16 -mfloat-abi=hard -mthumb -Wl,--start-group -lc -lm -lstdc++ -lsupc++ -Wl,--end-group
Finished building target: TFT_2-8_inch_touch_dtnghia2206.elf
 
arm-none-eabi-size  TFT_2-8_inch_touch_dtnghia2206.elf 
arm-none-eabi-objdump -h -S TFT_2-8_inch_touch_dtnghia2206.elf  > "TFT_2-8_inch_touch_dtnghia2206.list"
   text	   data	    bss	    dec	    hex	filename
   8952	     20	   1748	  10720	   29e0	TFT_2-8_inch_touch_dtnghia2206.elf
Finished building: default.size.stdout
 
Finished building: TFT_2-8_inch_touch_dtnghia2206.list
 

09:42:47 Build Finished. 0 errors, 0 warnings. (took 1s.886ms)

