../Core/Src/ILI9341_Driver.c:35:6:ILI9341_Init	8	static
../Core/Src/ILI9341_Driver.c:164:6:ILI9341_SPI_Send	16	static
../Core/Src/ILI9341_Driver.c:169:6:ILI9341_SPI_Send_Multiple	16	static
../Core/Src/ILI9341_Driver.c:178:6:ILI9341_Reset	8	static
../Core/Src/ILI9341_Driver.c:188:6:ILI9341_Set_Rotation	16	static
../Core/Src/ILI9341_Driver.c:214:6:ILI9341_SPI_Send_32	16	static
../Core/Src/ILI9341_Driver.c:227:6:ILI9341_Set_Address	32	static
../Core/Src/ILI9341_Driver.c:239:6:ILI9341_Fill_Screen	16	static
../Core/Src/ILI9341_Driver.c:245:6:ILI9341_Draw_Pixel	24	static
../Core/Src/ILI9341_Driver.c:259:6:ILI9341_Draw_Filled_Rectangle	24	static
../Core/Src/ILI9341_Driver.c:265:6:ILI9341_Draw_Empty_Rectangle	32	static
../Core/Src/ILI9341_Driver.c:273:6:ILI9341_Draw_Line	56	static
../Core/Src/ILI9341_Driver.c:321:6:ILI9341_Draw_Circle	72	static
../Core/Src/ILI9341_Driver.c:406:6:ILI9341_Draw_String	32	static
../Core/Src/ILI9341_Driver.c:440:13:ILI9341_Send_Command	16	static
../Core/Src/ILI9341_Driver.c:447:13:ILI9341_Send_Data	16	static
../Core/Src/ILI9341_Driver.c:454:13:ILI9341_Send_Burst	24	static
../Core/Src/ILI9341_Driver.c:511:6:ILI9341_Draw_Double_Pixel	24	static
../Core/Src/ILI9341_Driver.c:525:13:ILI9341_Draw_Char	32	static
